1758808594.100032 client started (24405): version 3.0a, socket /tmp/tmux-1000/default, protocol 8
1758808594.100061 on Linux 5.4.0-216-generic #236-Ubuntu SMP Fri Apr 11 19:53:21 UTC 2025; libevent 2.1.11-stable (poll)
1758808594.100077 socket is /tmp/tmux-1000/default
1758808594.100091 trying connect
1758808594.100173 add peer 0x55f5ded76020: 6 ((nil))
1758808594.100235 sending message 100 to peer 0x55f5ded76020 (4 bytes)
1758808594.100242 sending message 101 to peer 0x55f5ded76020 (16 bytes)
1758808594.100247 sending message 102 to peer 0x55f5ded76020 (11 bytes)
1758808594.100251 sending message 108 to peer 0x55f5ded76020 (34 bytes)
1758808594.100256 sending message 104 to peer 0x55f5ded76020 (0 bytes)
1758808594.100260 sending message 107 to peer 0x55f5ded76020 (4 bytes)
1758808594.100264 sending message 105 to peer 0x55f5ded76020 (16 bytes)
1758808594.100268 sending message 105 to peer 0x55f5ded76020 (110 bytes)
1758808594.100272 sending message 105 to peer 0x55f5ded76020 (19 bytes)
1758808594.100276 sending message 105 to peer 0x55f5ded76020 (20 bytes)
1758808594.100280 sending message 105 to peer 0x55f5ded76020 (23 bytes)
1758808594.100284 sending message 105 to peer 0x55f5ded76020 (44 bytes)
1758808594.100288 sending message 105 to peer 0x55f5ded76020 (36 bytes)
1758808594.100292 sending message 105 to peer 0x55f5ded76020 (23 bytes)
1758808594.100296 sending message 105 to peer 0x55f5ded76020 (32 bytes)
1758808594.100300 sending message 105 to peer 0x55f5ded76020 (20 bytes)
1758808594.100304 sending message 105 to peer 0x55f5ded76020 (41 bytes)
1758808594.100308 sending message 105 to peer 0x55f5ded76020 (20 bytes)
1758808594.100311 sending message 105 to peer 0x55f5ded76020 (24 bytes)
1758808594.100315 sending message 105 to peer 0x55f5ded76020 (19 bytes)
1758808594.100319 sending message 105 to peer 0x55f5ded76020 (28 bytes)
1758808594.100322 sending message 105 to peer 0x55f5ded76020 (38 bytes)
1758808594.100326 sending message 105 to peer 0x55f5ded76020 (13 bytes)
1758808594.100330 sending message 105 to peer 0x55f5ded76020 (21 bytes)
1758808594.100333 sending message 105 to peer 0x55f5ded76020 (52 bytes)
1758808594.100337 sending message 105 to peer 0x55f5ded76020 (40 bytes)
1758808594.100341 sending message 105 to peer 0x55f5ded76020 (33 bytes)
1758808594.100345 sending message 105 to peer 0x55f5ded76020 (16 bytes)
1758808594.100348 sending message 105 to peer 0x55f5ded76020 (18 bytes)
1758808594.100352 sending message 105 to peer 0x55f5ded76020 (21 bytes)
1758808594.100361 sending message 105 to peer 0x55f5ded76020 (17 bytes)
1758808594.100366 sending message 105 to peer 0x55f5ded76020 (1506 bytes)
1758808594.100376 sending message 105 to peer 0x55f5ded76020 (33 bytes)
1758808594.100381 sending message 105 to peer 0x55f5ded76020 (17 bytes)
1758808594.100385 sending message 105 to peer 0x55f5ded76020 (35 bytes)
1758808594.100389 sending message 105 to peer 0x55f5ded76020 (57 bytes)
1758808594.100393 sending message 105 to peer 0x55f5ded76020 (86 bytes)
1758808594.100397 sending message 105 to peer 0x55f5ded76020 (47 bytes)
1758808594.100401 sending message 105 to peer 0x55f5ded76020 (16 bytes)
1758808594.100405 sending message 105 to peer 0x55f5ded76020 (24 bytes)
1758808594.100409 sending message 105 to peer 0x55f5ded76020 (30 bytes)
1758808594.100413 sending message 105 to peer 0x55f5ded76020 (23 bytes)
1758808594.100417 sending message 105 to peer 0x55f5ded76020 (21 bytes)
1758808594.100421 sending message 105 to peer 0x55f5ded76020 (30 bytes)
1758808594.100425 sending message 105 to peer 0x55f5ded76020 (28 bytes)
1758808594.100429 sending message 105 to peer 0x55f5ded76020 (10 bytes)
1758808594.100433 sending message 105 to peer 0x55f5ded76020 (13 bytes)
1758808594.100437 sending message 105 to peer 0x55f5ded76020 (29 bytes)
1758808594.100441 sending message 105 to peer 0x55f5ded76020 (15 bytes)
1758808594.100445 sending message 105 to peer 0x55f5ded76020 (14 bytes)
1758808594.100449 sending message 105 to peer 0x55f5ded76020 (56 bytes)
1758808594.100452 sending message 105 to peer 0x55f5ded76020 (8 bytes)
1758808594.100463 sending message 105 to peer 0x55f5ded76020 (25 bytes)
1758808594.100467 sending message 105 to peer 0x55f5ded76020 (18 bytes)
1758808594.100471 sending message 105 to peer 0x55f5ded76020 (27 bytes)
1758808594.100475 sending message 105 to peer 0x55f5ded76020 (31 bytes)
1758808594.100479 sending message 105 to peer 0x55f5ded76020 (20 bytes)
1758808594.100483 sending message 105 to peer 0x55f5ded76020 (23 bytes)
1758808594.100487 sending message 105 to peer 0x55f5ded76020 (82 bytes)
1758808594.100491 sending message 105 to peer 0x55f5ded76020 (106 bytes)
1758808594.100495 sending message 105 to peer 0x55f5ded76020 (54 bytes)
1758808594.100499 sending message 105 to peer 0x55f5ded76020 (9 bytes)
1758808594.100503 sending message 105 to peer 0x55f5ded76020 (23 bytes)
1758808594.100507 sending message 105 to peer 0x55f5ded76020 (12 bytes)
1758808594.100511 sending message 105 to peer 0x55f5ded76020 (18 bytes)
1758808594.100515 sending message 106 to peer 0x55f5ded76020 (0 bytes)
1758808594.100519 sending message 200 to peer 0x55f5ded76020 (4 bytes)
1758808594.100523 client loop enter
1758808594.100912 peer 0x55f5ded76020 message 211
1758808594.100924 client_write: sessions should be nested with care, unset $TMUX to force\n
1758808594.100967 peer 0x55f5ded76020 message 203
1758808594.100976 client loop exit
